../Core/Inc/lorabase.h:425:14:getSf	16	static
../Core/Inc/lorabase.h:426:14:setSf	16	static
../Core/Inc/lorabase.h:427:14:getBw	16	static
../Core/Inc/lorabase.h:428:14:setBw	16	static
../Core/Inc/lorabase.h:429:14:getCr	16	static
../Core/Inc/lorabase.h:430:14:setCr	16	static
../Core/Inc/lorabase.h:431:14:getNocrc	16	static
../Core/Inc/lorabase.h:432:14:setNocrc	16	static
../Core/Inc/lorabase.h:433:14:getIh	16	static
../Core/Inc/lorabase.h:434:14:setIh	16	static
../Core/Inc/lorabase.h:435:14:makeRps	16	static
../Core/Inc/lorabase.h:440:12:sameSfBw	16	static
../Core/Inc/lorabase.h:443:14:updr2rps	16	static
../Core/Inc/lorabase.h:444:14:dndr2rps	16	static
../Core/Inc/lorabase.h:445:12:isFasterDR	16	static
../Core/Inc/lorabase.h:446:12:isSlowerDR	16	static
../Core/Inc/lorabase.h:447:14:incDR	16	static
../Core/Inc/lorabase.h:448:14:decDR	16	static
../Core/Inc/lorabase.h:449:14:assertDR	16	static
../Core/Inc/lorabase.h:450:14:validDR	16	static
../Core/Inc/lorabase.h:451:14:lowerDR	16	static
../Core/Src/lmic.c:79:6:os_rlsbf2	16	static
../Core/Src/lmic.c:85:6:os_rlsbf4	16	static
../Core/Src/lmic.c:92:6:os_rmsbf4	16	static
../Core/Src/lmic.c:99:6:os_wlsbf2	16	static
../Core/Src/lmic.c:106:6:os_wlsbf4	16	static
../Core/Src/lmic.c:115:6:os_wmsbf4	16	static
../Core/Src/lmic.c:124:6:os_getBattLevel	4	static
../Core/Src/lmic.c:131:6:os_crc16	32	static
../Core/Src/lmic.c:155:13:micB0	24	static
../Core/Src/lmic.c:165:12:aes_verifyMic	32	static
../Core/Src/lmic.c:172:13:aes_appendMic	32	static
../Core/Src/lmic.c:180:13:aes_appendMic0	24	static
../Core/Src/lmic.c:186:12:aes_verifyMic0	24	static
../Core/Src/lmic.c:192:13:aes_encrypt	16	static
../Core/Src/lmic.c:198:13:aes_cipher	24	static
../Core/Src/lmic.c:211:13:aes_sessKeys	24	static
../Core/Src/lmic.c:302:5:getSensitivity	24	static
../Core/Src/lmic.c:306:10:calcAirTime	40	static
../Core/Src/lmic.c:416:17:calcRxWindow	32	static
../Core/Src/lmic.c:436:13:calcBcnRxWindowFromMillis	64	static
../Core/Src/lmic.c:450:13:rxschedInit	32	static
../Core/Src/lmic.c:467:14:rxschedNext	32	static
../Core/Src/lmic.c:485:17:rndDelay	32	static
../Core/Src/lmic.c:496:13:txDelay	16	static
../Core/Src/lmic.c:505:13:setDrJoin	16	static
../Core/Src/lmic.c:517:13:setDrTxpow	16	static
../Core/Src/lmic.c:535:6:LMIC_stopPingable	4	static
../Core/Src/lmic.c:540:6:LMIC_setPingable	16	static
../Core/Src/lmic.c:578:13:initDefaultChannels	24	static
../Core/Src/lmic.c:609:7:LMIC_setupBand	24	static
../Core/Src/lmic.c:620:7:LMIC_setupChannel	16	static
../Core/Src/lmic.c:641:6:LMIC_disableChannel	16	static
../Core/Src/lmic.c:647:13:convFreq	24	static
../Core/Src/lmic.c:661:13:mapChannels	24	static
../Core/Src/lmic.c:674:13:updateTx	32	static
../Core/Src/lmic.c:687:17:nextTx	32	static
../Core/Src/lmic.c:716:13:setBcnRxParams	8	static
../Core/Src/lmic.c:724:13:initJoinLoop	16	static
../Core/Src/lmic.c:738:17:nextJoinState	16	static
../Core/Src/lmic.c:933:13:runEngineUpdate	16	static
../Core/Src/lmic.c:938:13:reportEvent	16	static
../Core/Src/lmic.c:947:13:runReset	16	static
../Core/Src/lmic.c:954:13:stateJustJoined	4	static
../Core/Src/lmic.c:975:12:decodeBeacon	24	static
../Core/Src/lmic.c:1011:14:decodeFrame	120	static
../Core/Src/lmic.c:1303:13:setupRx2	8	static
../Core/Src/lmic.c:1312:13:schedRx2	16	static
../Core/Src/lmic.c:1318:13:setupRx1	16	static
../Core/Src/lmic.c:1329:13:txDone	16	static
../Core/Src/lmic.c:1357:13:onJoinFailed	16	static
../Core/Src/lmic.c:1364:14:processJoinAccept	32	static
../Core/Src/lmic.c:1473:13:processRx2Jacc	16	static
../Core/Src/lmic.c:1480:13:setupRx2Jacc	16	static
../Core/Src/lmic.c:1486:13:processRx1Jacc	16	static
../Core/Src/lmic.c:1492:13:setupRx1Jacc	16	static
../Core/Src/lmic.c:1497:13:jreqDone	16	static
../Core/Src/lmic.c:1506:13:processRx2DnDataDelay	16	static
../Core/Src/lmic.c:1510:13:processRx2DnData	24	static
../Core/Src/lmic.c:1524:13:setupRx2DnData	16	static
../Core/Src/lmic.c:1530:13:processRx1DnData	16	static
../Core/Src/lmic.c:1536:13:setupRx1DnData	16	static
../Core/Src/lmic.c:1541:13:updataDone	16	static
../Core/Src/lmic.c:1548:13:buildDataFrame	40	static
../Core/Src/lmic.c:1666:13:onBcnRx	16	static
../Core/Src/lmic.c:1698:13:startScan	8	static
../Core/Src/lmic.c:1712:7:LMIC_enableTracking	16	static
../Core/Src/lmic.c:1723:6:LMIC_disableTracking	8	static
../Core/Src/lmic.c:1761:13:buildJoinRequest	24	static
../Core/Src/lmic.c:1784:13:startJoining	16	static
../Core/Src/lmic.c:1789:7:LMIC_startJoining	8	static
../Core/Src/lmic.c:1815:13:processPingRx	16	static
../Core/Src/lmic.c:1828:14:processDnData	8	static
../Core/Src/lmic.c:1892:13:processBeacon	40	static
../Core/Src/lmic.c:1953:13:startRxBcn	16	static
../Core/Src/lmic.c:1959:13:startRxPing	16	static
../Core/Src/lmic.c:1966:13:engineUpdate	32	static
../Core/Src/lmic.c:2112:6:LMIC_setAdrMode	16	static
../Core/Src/lmic.c:2118:6:LMIC_setDrTxpow	16	static
../Core/Src/lmic.c:2123:6:LMIC_shutdown	8	static
../Core/Src/lmic.c:2130:6:LMIC_reset	16	static
../Core/Src/lmic.c:2162:6:LMIC_init	4	static
../Core/Src/lmic.c:2167:6:LMIC_clrTxData	8	static
../Core/Src/lmic.c:2178:6:LMIC_setTxData	8	static
../Core/Src/lmic.c:2187:5:LMIC_setTxData2	16	static
../Core/Src/lmic.c:2201:6:LMIC_sendAlive	8	static
../Core/Src/lmic.c:2208:6:LMIC_tryRejoin	8	static
../Core/Src/lmic.c:2227:6:LMIC_setSession	32	static
../Core/Src/lmic.c:2258:6:LMIC_setLinkCheckMode	16	static
